// Jest Snapshot v1, https://jestjs.io/docs/snapshot-testing

exports[`JawaScript Transpiler Snapshot Tests should correctly transpile 01-variables.jawa 1`] = `
"
const PI = 3.14;
let jeneng = "Sastro";
jeneng = "Wardoyo";
"
`;

exports[`JawaScript Transpiler Snapshot Tests should correctly transpile 02-conditionals.jawa 1`] = `
"
let umur = 20;
if (umur > 17) {
  console.log("Dewasa");
} else if (umur > 12) {
  console.log("Remaja");
} else {
  console.log("Anak-anak");
}
"
`;

exports[`JawaScript Transpiler Snapshot Tests should correctly transpile 03-loops.jawa 1`] = `
"

for (let i = 0; i < 3; i = i + 1) {
  console.log("For loop: " + i);
}

let x = 0;
while (x < 2) {
  console.log("While loop: " + x);
  x = x + 1;
}
"
`;

exports[`JawaScript Transpiler Snapshot Tests should correctly transpile 04-functions.jawa 1`] = `
"

function +(a, b) {
  return a + b;
}

function sapa(jeneng) {
  console.log("Halo, " + jeneng + "!");
}

console.log("Hasil +: " + +(10, 5));
sapa("Dunia");
"
`;

exports[`JawaScript Transpiler Snapshot Tests should correctly transpile 05-switch-case.jawa 1`] = `
"
let nilai = "B";

switch (nilai) {
case "A":
    console.log("Sangat Baik");
    break;
  case "B":
    console.log("Baik");
    break;
  case "C":
    console.log("Cukup");
    break;
  default:
    console.log("Kurang");
    break;

}
"
`;

exports[`JawaScript Transpiler Snapshot Tests should correctly transpile 06-try-catch-finally.jawa 1`] = `
"
try {
  console.log("Mencoba operasi...");
  
  let hasil = 10 / 2;
  console.log("Hasil: " + hasil);
} catch (error) {
  console.log("Terjadi error: " + error);
} finally {
  console.log("Operasi selesai.");
}
"
`;

exports[`JawaScript Transpiler Snapshot Tests should correctly transpile 07-classes.jawa 1`] = `
"

class Hewan { 
  constructor(nama) {
    this.nama = nama;
  }

  bersuara() {
    console.log(this.nama + " bersuara.");
  }
}

class Kucing extends Hewan { 
  constructor(nama, warna) {
    super(nama);
    this.warna = warna;
   }

  meong() {
    console.log(this.nama + " si kucing " + this.warna + " meong-meong!");
  }
 }

let kucingku = Kucing new("Tom", "Oren");
kucingku.bersuara();
kucingku.meong();
"
`;

exports[`JawaScript Transpiler Snapshot Tests should correctly transpile 08-async-await.jawa 1`] = `
"

function async ambilData() {
  console.log("Mulai ambil data...");
  let data = await new Promise(resolve => setTimeout(() => resolve("Data dari server"), 100));
  return data;
}

function async utama() {
  let hasil = await ambilData();
  console.log("Data diterima: " + hasil);
}

utama();
"
`;

exports[`JawaScript Transpiler Snapshot Tests should correctly transpile 09-modules.jawa 1`] = `
"


export { fungsiA, variabelB }


export default class MyClass { 
  
 }


import { fungsiA, variabelB as aliasB } from './module.js'


import DefaultExport from './anotherModule.js'


import * as AllFromModule from './yetAnotherModule.js'
"
`;

exports[`JawaScript Transpiler Snapshot Tests should correctly transpile 10-logical-operators-and-continue.jawa 1`] = `
"

let a = true;
let b = false;

if (a && ! b) {
  console.log("A true dan B false");
}

if (a || b) {
  console.log("A true atau B true");
}

for (let i = 0; i < 5; i = i + 1) {
  if (i === 2) {
    continue;
  }
  console.log("Loop ke: " + i);
}
"
`;

exports[`JawaScript Transpiler Snapshot Tests should correctly transpile 11-prompt.jawa 1`] = `
"
let nama = prompt("Siapa namamu?");
console.log("Halo, " + nama + "!");
"
`;

exports[`JawaScript Transpiler Snapshot Tests should correctly transpile 12-null-undefined.jawa 1`] = `
"

let nilaiKosong = null;
let nilaiOraDidefinisikan = undefined;

console.log("Nilai null: " + nilaiKosong);
console.log("Nilai Ora Didefinisikan: " + nilaiOraDidefinisikan);

if (nilaiKosong === null) {
  console.log("nilaiKosong adalah null");
}

if (nilaiOraDidefinisikan === undefined) {
  console.log("nilaiOraDidefinisikan adalah undefined");
}
"
`;

exports[`JawaScript Transpiler Snapshot Tests should correctly transpile 13-math-functions.jawa 1`] = `
"

console.log("Random: " + Math.random());
console.log("Round 3.7: " + Math.round(3.7));
console.log("Floor 3.7: " + Math.floor(3.7));
console.log("Ceil 3.2: " + Math.ceil(3.2));
console.log("Abs -5: " + Math.abs(-5));
console.log("Pow 2,3: " + Math.pow(2, 3));
console.log("Sqrt 9: " + Math.sqrt(9));
console.log("Max 1,5,2: " + Math.max(1, 5, 2));
console.log("Min 1,5,2: " + Math.min(1, 5, 2));
"
`;

exports[`JawaScript Transpiler Snapshot Tests should correctly transpile 14-date-functions.jawa 1`] = `
"

console.log("Current timestamp: " + Date.now());
let tanggalSaiki = Date new();
console.log("New Date object: " + tanggalSaiki);
let tanggalSpesifik = Date new("2025-12-25T10:00:00Z");
console.log("Specific Date object: " + tanggalSpesifik);"
`;

exports[`JawaScript Transpiler Snapshot Tests should correctly transpile 15-json-functions.jawa 1`] = `
"

let objek = { "jeneng": "Budi", "umur": 30 };
let stringObjek = JSON.stringify(objek);
console.log("Stringified object: " + stringObjek);

let parsedObjek = JSON.parse(stringObjek);
console.log("Parsed object jeneng: " + parsedObjek.jeneng);
"
`;

exports[`JawaScript Transpiler Snapshot Tests should correctly transpile 16-global-functions.jawa 1`] = `
"

console.log("Is NaN (123): " + isNaN(123));
console.log("Is NaN ('abc'): " + isNaN('abc'));

console.log("Parse Int ('123'): " + parseInt('123', 10));
console.log("Parse Int ('101', 2): " + parseInt('101', 2));

console.log("Parse Float ('3.14'): " + parseFloat('3.14'));
"
`;

exports[`JawaScript Transpiler Snapshot Tests should correctly transpile 17-operators.jawa 1`] = `
"

let a = 10;
let b = 5;


console.log(a + b); 
console.log(a - b); 
console.log(a * b);   
console.log(a / b);   
console.log(a % 3);   


if (a > b) {
  console.log("a luwih gedhe");
}

if (b < a) {
  console.log("b luwih cilik");
}

if (a + b == 15) {
  console.log("== bener");
}

if (15 === 15) {
  console.log("=== bener");
}

if (a != b) {
  console.log("false == bener");
}

if ("15" !== 15) {
  console.log("false === bener");
}

let c = 10;
if (a >= c) {
  console.log("a luwih gedhe == c");
}

if (b <= c) {
  console.log("b luwih cilik == c");
}


console.log(2 pangkat 3) 

let x = 10
x += 5 
console.log(x)

let y = 10
y -= 2 
console.log(y)

let z = 10
z *= 3 
console.log(z)

let w = 10
w /= 2 
console.log(w)

let v = 10
v %= 3 
console.log(v)"
`;

exports[`JawaScript Transpiler Snapshot Tests should correctly transpile 18-tuples.jawa 1`] = `
"
variabel koordinat: Tuple = Object.freeze([10, 20]);
cetak(koordinat[0]); 
cetak(koordinat[1]); 




coba {
  koordinat[0] = 5; 
} tangkap (e) {
  cetak("Error saat mengubah tuple:", e.pesan);
}
cetak(koordinat[0]); 


fungsi tampilkanTitik(titik: Tuple) {
  cetak("Titik X:", titik[0]);
  cetak("Titik Y:", titik[1]);
}

tampilkanTitik(Object.freeze([100, 200]));


variabel info: Tuple = Object.freeze(["nama", 25, benar]);
cetak(info[0]); 
cetak(info[1]); 
cetak(info[2]); 


variabel hitungan: Tuple = Object.freeze([1 + 2, 3 * 4]);
cetak(hitungan[0]); 
cetak(hitungan[1]); "
`;

exports[`JawaScript Transpiler Snapshot Tests should correctly transpile 19-do-while.jawa 1`] = `
"

let hitung = 0;

console.log("Mulai do...while loop:");
=> {
  console.log("Hitungan: " + hitung);
  hitung += 1;
} while (hitung < 3);

console.log("Selesai do...while loop.");


let x = 5;
console.log("Mulai do...while loop (kondisi salah):");
=> {
  console.log("Nilai x: " + x);
  x += 1;
} while (x < 5);

console.log("Selesai do...while loop (kondisi salah).");
"
`;

exports[`JawaScript Transpiler Snapshot Tests should correctly transpile 20-generators.jawa 1`] = `
"

function async idGenerator() {
  let id = 0;
  while (true) {
    yield id;
    id += 1;
  }
}

let generator = idGenerator new()
console.log("Generator 1:");
console.log(generator.next().value); 
console.log(generator.next().value); 
console.log(generator.next().value); 

function async rangeGenerator(mulai, akhir) {
  let i = mulai;
  while (i <= akhir) {
    yield i;
    i += 1;
  }
}

let gen2 = rangeGenerator new(5, 7);
console.log("Generator 2:");
console.log(gen2.next().value); 
console.log(gen2.next().value); 
console.log(gen2.next().value); 
console.log(gen2.next().done);  "
`;

exports[`JawaScript Transpiler Snapshot Tests should correctly transpile 21-global-constructors.jawa 1`] = `
"


let daftarKosong = Array new();
console.log("Array null: " + daftarKosong);

let daftarAngka = Array new(1, 2, 3);
console.log("Array Number: " + daftarAngka);


let obyekKosong = Object new();
console.log("Object null: " + obyekKosong);


const teks = String new("halo");
console.log("String Halo: " + teks);
console.log("Panjang String Halo: " + teks.length);


const angka = Number new(123);
console.log("Number: " + angka);


const logika = Boolean new(true);
console.log("Boolean: " + logika);


const simbol = Symbol new("simbol");
console.log("Symbol: " + simbol.toString());


const peta = Map new();
peta.set("kunci1", "nilai1");
console.log("Map: " + peta.get("kunci1"));


const kumpulan = Set new();
kumpulan.add(1);
kumpulan.add(2);
console.log("Set punya 1: " + kumpulan.has(1));


const janji = Promise new(function (resolve, reject) { resolve(1) });
janji.then(function (pesan) { console.log("Promise: " + pesan) });


const kesalahan = Error new("error");
console.log("Error: " + kesalahan.message);


let polaAngka = RegExp new("\\\\d+");
console.log("Pola Number cocok dengan \\"123\\": " + polaAngka.test("123"));
"
`;

exports[`JawaScript Transpiler Snapshot Tests should correctly transpile 22-global-functions-extended.jawa 1`] = `
"


console.log("isFinite(10): " + isFinite(10)); 
console.log("isFinite(10 / 0): " + isFinite(10 / 0)); 
console.log("isFinite(isNaN('a')): " + isFinite(isNaN('a'))); 


let uriAsli = "https:
console.log("URI Asli: " + uriAsli);

let encodedURI = encodeURI(uriAsli);
console.log("encodeURI: " + encodedURI);
console.log("decodeURI: " + decodeURI(encodedURI));

let encodedURIComponent = encodeURIComponent(uriAsli);
console.log("encodeURIComponent: " + encodedURIComponent);
console.log("decodeURIComponent: " + decodeURIComponent(encodedURIComponent));
"
`;

exports[`JawaScript Transpiler Snapshot Tests should correctly transpile 26-array-string-methods.jawa 1`] = `
"console.log('--- Tes Array Methods ---');
const daftarAngka = [5, 1, 4, 2, 8];
console.log('Array asli:', daftarAngka);
console.log('Dawane:', daftarAngka.length);

console.log('Ngemot angka 4?', daftarAngka.includes(4));
console.log('Indeks saka angka 4:', daftarAngka.indexOf(4));

daftarAngka.push(10); 
console.log('Sakwise didorong 10:', daftarAngka);

console.log('Sing dijupuk finally:', daftarAngka.pop()); 
console.log('Array saiki:', daftarAngka);

const daftarKanggoUrut = daftarAngka.slice(); 
console.log('Array urut:', daftarKanggoUrut.sort((a, b) => a - b));

const daftarKanggoWalik = daftarAngka.slice(); 
console.log('Array diwalik:', daftarKanggoWalik.reverse());

console.log('Disambungake dadi teks:', daftarAngka.join(' - '));

console.log('Disaring (luwih gedhe teko 4):', daftarAngka.filter(x => x > 4));

console.log('Dipetakake (* 2):', daftarAngka.map(x => x * 2));

console.log('Ana sing luwih gedhe teko 5?', daftarAngka.some(x => x > 5));
console.log('Kabeh luwih cilik teko 10?', daftarAngka.every(x => x < 10));


console.log('\\n--- Tes String Methods ---');
const teksAsli = '   Jawascript iku Keren!   ';
console.log('String asli:', teksAsli);
console.log('Dawane:', teksAsli.length);

const teksRapik = teksAsli.trim();
console.log('String dirapikno:', teksRapik);
console.log('Dawane sakwise rapi:', teksRapik.length);

console.log('Digedekno:', teksRapik.toUpperCase());
console.log('Dicilikno:', teksRapik.toLowerCase());

console.log('Dimulai karo "Jawa"?', teksRapik.startsWith('Jawa'));
console.log('Diakhiri karo "Keren!"?', teksRapik.endsWith('Keren!'));
console.log('Ngemot "iku"?', teksRapik.includes('iku'));

const teksAnyar = teksRapik.replace('Keren', 'Mantep');
console.log('Sakwise diganti:', teksAnyar);

const teksIrisan = teksAnyar.slice(0, 10);
console.log('Irisan (0, 10):', teksIrisan);

const daftarTembung = teksAnyar.split(' ');
console.log('Dipeceh dadi daftar:', daftarTembung);
console.log('Tembung keloro:', daftarTembung[1]);
"
`;

exports[`JawaScript Transpiler Snapshot Tests should correctly transpile 27-arrow-functions.jawa 1`] = `
"console.log('--- Tes Arrow Function ---');


const kuadrat = x => x * x;
console.log('Kuadrat dari 5:', kuadrat(5));


const + = (a, b) => a + b;
console.log('Hasil 10 + 5:', +(10, 5));


const angka = [1, 2, 3, 4];
const angkaPodoDikaliLoro = angka.map(n => n * 2);
console.log('Array dipetakake x2:', angkaPodoDikaliLoro);


const sapaLengkap = (jeneng) => {
  const sapaan = 'Sugeng rawuh, ' + jeneng;
  return sapaan;
};
console.log(sapaLengkap('Budi'));
"
`;

exports[`JawaScript Transpiler Snapshot Tests should correctly transpile 28-ono-ilang.jawa 1`] = `
"console.log('--- Tes Fitur Khas \`ono\` & \`ilang\` ---');

let variabelKosong = null;
let variabelOraDidefinisikan = undefined;
let variabelAngkaNol = 0;
let variabelTeksKosong = '';
let variabelFalse = false;
let variabelOno = "Isine ono";

console.log('\\n-- Tes \`iku ilang\` --');
if (variabelKosong == null) { console.log('variabelKosong beneran ilang'); }
if (variabelOraDidefinisikan == null) { console.log('variabelOraDidefinisikan beneran ilang'); }
if (variabelAngkaNol == null) { console.log('variabelAngkaNol dianggep ilang'); } else { console.log('variabelAngkaNol dianggep ONO'); }

console.log('\\n-- Tes \`iku ono\` --');
if (variabelOno != null) { console.log('variabelOno beneran ono'); }
if (variabelTeksKosong != null) { console.log('variabelTeksKosong beneran ono'); }
if (variabelFalse != null) { console.log('variabelFalse beneran ono'); }
if (variabelKosong != null) { console.log('variabelKosong dianggep ono'); } else { console.log('variabelKosong dianggep ILANG'); }
"
`;

exports[`JawaScript Transpiler Snapshot Tests should correctly transpile 29-template-literals.jawa 1`] = `
"console.log('--- Tes Template Literals ---');

const jeneng = "Sastro";
const umur = 32;


const sapaan = \`Halo, jenengku \${jeneng} lan umurku \${umur} taun.\`;
console.log(sapaan);


const angkaku = 7;
const itungan = \`Hasil seko \${angkaku} ping 5 yoiku \${angkaku * 5}\`;
console.log(itungan);


const kode = \`
  Contoh kode Jawascript:
  lek (x iku ono) terus
    cetakno("x ono");
  mbari
\`;
console.log(kode);
"
`;

exports[`JawaScript Transpiler Snapshot Tests should correctly transpile 30-destructuring.jawa 1`] = `
"console.log('--- Tes Destructuring ---');


const pengguna = { jeneng: "Sastro", umur: 30, kota: "Jogja" };
const { jeneng, umur } = pengguna;
console.log("Jeneng:", jeneng);
console.log("Umur:", umur);


let angka = [10, 20, 30];
let [a, b] = angka;
console.log("Nilai a:", a);
console.log("Nilai b:", b);


const { kota: kutho } = pengguna;
console.log("Kutho:", kutho);


const { status = "Aktif" } = pengguna;
console.log("Status:", status);


function cetakInfo({ jeneng dadi jenengLengkap, umur dadi umurSaiki }) {
  console.log(\`Jeneng lengkap: \${jenengLengkap}, Umur saiki: \${umurSaiki}\`);
}

cetakInfo(pengguna);
"
`;

exports[`JawaScript Transpiler Snapshot Tests should correctly transpile 31-rest-spread.jawa 1`] = `
"console.log('--- Tes Rest & Spread Syntax ---');


function itungTotal(...angka) {
  return angka.reduce((total, n) => total + n, 0);
}
console.log('Hasil Rest Params (1+2+3+4):', itungTotal(1, 2, 3, 4));


const arr1 = [1, 2];
const arr2 = [...arr1, 3, 4];
console.log('Hasil Spread Array:', arr2);


const obj1 = { a: 1, b: 2 };
const obj2 = { ...obj1, c: 3 };
console.log('Hasil Spread Objek (c):', obj2.c);


const [siji, loro, ...sisane] = [10, 20, 30, 40, 50];
console.log('Rest di Array (siji):', siji);
console.log('Rest di Array (sisane):', sisane);


const pengguna = { jeneng: 'Sastro', umur: 30, kota: 'Jogja' };
const { jeneng, ...infoLiyane } = pengguna;
console.log('Rest di Objek (jeneng):', jeneng);
console.log('Rest di Objek (infoLiyane.kota):', infoLiyane.kota);
"
`;

exports[`JawaScript Transpiler Snapshot Tests should correctly transpile 32-ternary-operator.jawa 1`] = `
"console.log('--- Tes Ternary Operator ---');

const umur = 20;
const status = umur >= 18 ta 'Dewasa' if false 'Anak-anak';
console.log('Status umur 20:', status);

let umurLiyo = 15;
console.log('Status umur 15:', umurLiyo >= 18 ta 'Dewasa' if false 'Anak-anak');

function sapa(jeneng) {
  return jeneng != null ta \`Halo, \${jeneng}\` if false 'Halo, Tamu';
}

console.log(sapa('Sastro'));
console.log(sapa(null));
"
`;

exports[`JawaScript Transpiler Snapshot Tests should correctly transpile 33-for-in-loop.jawa 1`] = `
"console.log('--- Tes \`for...in\` Loop ---');

const pengguna = { jeneng: 'Sastro', umur: 30, kota: 'Jogja' };

console.log('Properti pengguna:');
for (const kunci in pengguna) {
  console.log(\`\${kunci}: \${pengguna[kunci]}\`);
}

let mobil = { merk: 'Toyota', model: 'Avanza' };
console.log('Properti mobil:');
for (let prop in mobil) {
  console.log(\`\${prop}: \${mobil[prop]}\`);
}
"
`;

exports[`JawaScript Transpiler Snapshot Tests should correctly transpile 34-bitwise-operators.jawa 1`] = `
"console.log('--- Tes Bitwise Operators ---');

const a = 5; 
const b = 3; 

console.log('a & b:', a & b); 
console.log('a | b:', a | b); 
console.log('a ^ b:', a ^ b); 
console.log('~ a:', ~ a); 

console.log('a << 1:', a << 1); 
console.log('a >> 1:', a >> 1); 
"
`;

exports[`JawaScript Transpiler Snapshot Tests should correctly transpile 35-optional-chaining.jawa 1`] = `
"console.log('--- Tes Optional Chaining ---');

const pengguna = { jeneng: 'Sastro', alamat: { jalan: 'Jl. Kenangan', nomor: 10 } };
const penggunaKosong = null;


const namaJalan = pengguna.alamat.mungkin.jalan;
console.log('Nama Jalan:', namaJalan); 


const kodePos = pengguna.alamat.mungkin.kodePos;
console.log('Kode Pos (tidak ada):', kodePos); 


const namaJalanKosong = penggunaKosong.mungkin.alamat.mungkin.jalan;
console.log('Nama Jalan dari objek null:', namaJalanKosong); 


const methodKosong = penggunaKosong.mungkin.sapa.mungkin();
console.log('Hasil panggil method null:', methodKosong); "
`;

exports[`JawaScript Transpiler Snapshot Tests should correctly transpile 36-nullish-coalescing.jawa 1`] = `
"console.log('--- Tes Nullish Coalescing Operator ---');

const nilaiNol = 0;
const nilaiKosong = null;
const nilaiOraDidefinisikan = undefined;
const nilaiTeksKosong = '';


console.log('Nilai Nol ?? 10:', nilaiNol ?? 10); 
console.log('Nilai null ?? 10:', nilaiKosong ?? 10); 
console.log('Nilai undefined ?? 10:', nilaiOraDidefinisikan ?? 10); 
console.log('Nilai String null ?? 10:', nilaiTeksKosong ?? 10); 


console.log('Nilai Nol || 10:', nilaiNol || 10); "
`;

exports[`JawaScript Transpiler Snapshot Tests should correctly transpile 37-export-wildcard.jawa 1`] = `
"console.log('--- Tes Export Wildcard ---');






export * as util from './util_export.js';


"
`;

exports[`JawaScript Transpiler Snapshot Tests should correctly transpile 38-dynamic-import.jawa 1`] = `
"console.log('--- Tes Dynamic Import ---');





jupukno('./modul_dinamis.js')
  .then(modul => console.log('Pesan dari modul dinamis:', modul.pesan))
  .catch(error => console.log('Error saat mengimpor modul:', error));

console.log('Ini akan dieksekusi sebelum modul dinamis selesai diimpor.');"
`;

exports[`JawaScript Transpiler Snapshot Tests should correctly transpile 39-zero-fill-right-shift.jawa 1`] = `
"console.log('--- Tes Zero-fill Right Shift Operator (>>>) ---');

const a = -1; 
const b = 1; 

console.log('-1 >>> 1:', a >>> 1); 
console.log('1 >>> 1:', b >>> 1); 

const c = 4294967295; 
console.log('4294967295 >>> 1:', c >>> 1); "
`;

exports[`JawaScript Transpiler Snapshot Tests should correctly transpile 40-promise-methods.jawa 1`] = `
"console.log('--- Tes Promise Methods (.banjur, .catch) ---');


const janjiSukses = Promise new((resolve, reject) => {
  setTimeout(() => resolve('Data berhasil!'), 100);
});

janjiSukses
  .banjur(pesan => console.log('Sukses:', pesan))
  .catch(error => console.log('Error (tidak seharusnya terjadi):', error));


const janjiGagal = Promise new((resolve, reject) => {
  setTimeout(() => reject('Ada masalah!'), 50);
});

janjiGagal
  .banjur(pesan => console.log('Sukses (tidak seharusnya terjadi):', pesan))
  .catch(error => console.log('Error:', error));

console.log('Promise sedang diproses...');"
`;

exports[`JawaScript Transpiler Snapshot Tests should correctly transpile 41-generator-enhancements.jawa 1`] = `
"console.log('--- Tes Generator Enhancements ---');


function generatorSiji() {
  yield 1;
  yield 2;
}

function generatorLoro() {
  yield kabeh generatorSiji(); 
  yield 3;
}

let genLoro = generatorLoro();
console.log('Gen Loro next:', genLoro.next().value); 
console.log('Gen Loro next:', genLoro.next().value); 
console.log('Gen Loro next:', genLoro.next().value); 


async function* asyncGenerator() {
  yield await Promise new(resolve => resolve(4));
  yield await Promise new(resolve => resolve(5));
}

(async function () {
  let asyncGen = asyncGenerator();
  console.log('Async Gen next:', (await asyncGen.next()).value);
  console.log('Async Gen next:', (await asyncGen.next()).value);
})();"
`;

exports[`JawaScript Transpiler Snapshot Tests should correctly transpile 42-bigint-literals.jawa 1`] = `
"console.log('--- Tes BigInt Literals ---');

const angkaGedhe = 123456789012345678901234567890 gedhe;
const angkaLain = 98765432109876543210 gedhe;

console.log('Number Gedhe:', angkaGedhe);
console.log('Tipe Number Gedhe:', typeof angkaGedhe);

console.log('Penjumlahan BigInt:', angkaGedhe + angkaLain);
console.log('Perkalian BigInt:', angkaGedhe * 2 gedhe);
"
`;

exports[`JawaScript Transpiler Snapshot Tests should correctly transpile 43-types.jawa 1`] = `
"let umur: Number = 30;
let jeneng: String = "Budi";
let isAktif: Boolean = true;

function sapa(jeneng: String): String {
  return "Halo " + jeneng;
}

function +(a: Number, b: Number): Number {
  return a + b;
}

let getUmur = (tahunLahir: Number): Number =>
  return 2025 - tahunLahir;

let cetakInfo = (pesan: String, jumlah: Number): void => {
  console.log(pesan + ": " + jumlah);
}

console.log("Umur: " + umur);
console.log("Nama: " + jeneng);
console.log("Aktif: " + isAktif);
console.log(sapa("Dina"));
console.log(+(5, 7));
console.log(getUmur(1990));
cetakInfo("Total", 100);"
`;
